10.0.0.42 - - [13/Apr/2026:22:08:35 +0000] "GET /.env HTTP/1.1" 404 196"
172.16.0.99 - - [13/Apr/2026:22:08:37 +0000] "POST /wp-login.php HTTP/1.1" 200 3456"
185.143.223.1 - - [13/Apr/2026:22:08:39 +0000] "POST /search HTTP/1.1" 200 345"
185.143.223.1 - - [13/Apr/2026:22:08:40 +0000] "GET /logo.png HTTP/1.1" 200 2048"
192.168.1.105 - - [13/Apr/2026:22:08:41 +0000] "GET /logo.png HTTP/1.1" 200 2048"
185.143.223.1 - - [13/Apr/2026:22:08:43 +0000] "Failed password for invalid user admin from 185.143.223.1 port 45678 ssh2"
172.16.0.99 - - [13/Apr/2026:22:08:44 +0000] "Failed password for root from 172.16.0.99 port 22 ssh2"
172.16.0.99 - - [13/Apr/2026:22:08:46 +0000] "GET /logo.png HTTP/1.1" 200 2048"
192.168.1.105 - - [13/Apr/2026:22:08:49 +0000] "POST /search HTTP/1.1" 200 345"
172.16.0.99 - - [13/Apr/2026:22:08:50 +0000] "Failed password for root from 172.16.0.99 port 22 ssh2"
192.168.1.105 - - [13/Apr/2026:22:08:51 +0000] "GET /index.html HTTP/1.1" 200 512"
185.143.223.1 - - [13/Apr/2026:22:08:54 +0000] "GET /index.html HTTP/1.1" 200 512"
192.168.1.105 - - [13/Apr/2026:22:08:55 +0000] "GET /products.php?id=1' OR '1'='1 HTTP/1.1" 200 452"
10.0.0.42 - - [13/Apr/2026:22:08:57 +0000] "GET /products.php?id=1' OR '1'='1 HTTP/1.1" 200 452"
192.168.1.105 - - [13/Apr/2026:22:09:24 +0000] "POST /search HTTP/1.1" 200 345"
192.168.1.105 - - [13/Apr/2026:22:09:25 +0000] "POST /wp-login.php HTTP/1.1" 200 3456"
192.168.1.105 - - [13/Apr/2026:22:09:26 +0000] "GET /admin/config.php.bak HTTP/1.1" 403 234"
192.168.1.105 - - [13/Apr/2026:22:09:29 +0000] "GET /products.php?id=1' OR '1'='1 HTTP/1.1" 200 452"
172.16.0.99 - - [13/Apr/2026:22:09:31 +0000] "GET /admin/config.php.bak HTTP/1.1" 403 234"
10.0.0.42 - - [13/Apr/2026:22:09:33 +0000] "GET /?page=../../../../etc/passwd HTTP/1.1" 200 1024"
185.143.223.1 - - [13/Apr/2026:22:09:34 +0000] "POST /search HTTP/1.1" 200 345"
192.168.1.105 - - [13/Apr/2026:22:09:35 +0000] "GET /index.html HTTP/1.1" 200 512"
10.0.0.42 - - [13/Apr/2026:22:09:36 +0000] "Failed password for invalid user admin from 10.0.0.42 port 45678 ssh2"
172.16.0.99 - - [13/Apr/2026:22:09:38 +0000] "POST /search HTTP/1.1" 200 345"
192.168.1.105 - - [13/Apr/2026:22:09:41 +0000] "GET /index.html HTTP/1.1" 200 512"
10.0.0.42 - - [13/Apr/2026:22:09:44 +0000] "GET /.env HTTP/1.1" 404 196"
185.143.223.1 - - [13/Apr/2026:22:09:45 +0000] "GET /index.html HTTP/1.1" 200 512"
185.143.223.1 - - [13/Apr/2026:22:09:47 +0000] "GET /logo.png HTTP/1.1" 200 2048"
172.16.0.99 - - [13/Apr/2026:22:09:49 +0000] "POST /search HTTP/1.1" 200 345"
185.143.223.1 - - [13/Apr/2026:23:08:36 +0000] "Failed password for invalid user admin from 185.143.223.1 port 45678 ssh2"
185.143.223.1 - - [13/Apr/2026:23:08:39 +0000] "POST /search HTTP/1.1" 200 345"
192.168.1.105 - - [13/Apr/2026:23:08:41 +0000] "GET /.env HTTP/1.1" 404 196"
192.168.1.105 - - [13/Apr/2026:23:08:43 +0000] "Failed password for invalid user admin from 192.168.1.105 port 45678 ssh2"
10.0.0.42 - - [13/Apr/2026:23:08:46 +0000] "GET /.env HTTP/1.1" 404 196"
10.0.0.42 - - [13/Apr/2026:23:08:48 +0000] "GET /style.css HTTP/1.1" 200 1024"
185.143.223.1 - - [13/Apr/2026:23:08:49 +0000] "GET /style.css HTTP/1.1" 200 1024"
185.143.223.1 - - [13/Apr/2026:23:08:50 +0000] "POST /search HTTP/1.1" 200 345"
185.143.223.1 - - [13/Apr/2026:23:08:52 +0000] "GET /index.html HTTP/1.1" 200 512"
192.168.1.105 - - [13/Apr/2026:23:08:55 +0000] "GET /logo.png HTTP/1.1" 200 2048"
185.143.223.1 - - [13/Apr/2026:23:08:56 +0000] "GET /.env HTTP/1.1" 404 196"
192.168.1.105 - - [13/Apr/2026:23:08:59 +0000] "GET /logo.png HTTP/1.1" 200 2048"
10.0.0.42 - - [13/Apr/2026:23:09:01 +0000] "GET /style.css HTTP/1.1" 200 1024"
172.16.0.99 - - [13/Apr/2026:23:09:04 +0000] "POST /search HTTP/1.1" 200 345"
10.0.0.42 - - [13/Apr/2026:23:09:06 +0000] "GET /.env HTTP/1.1" 404 196"
172.16.0.99 - - [13/Apr/2026:23:09:07 +0000] "GET /style.css HTTP/1.1" 200 1024"
185.143.223.1 - - [13/Apr/2026:23:09:08 +0000] "GET /?page=../../../../etc/passwd HTTP/1.1" 200 1024"
10.0.0.42 - - [13/Apr/2026:23:09:10 +0000] "POST /search HTTP/1.1" 200 345"
185.143.223.1 - - [13/Apr/2026:23:09:13 +0000] "POST /search HTTP/1.1" 200 345"
185.143.223.1 - - [13/Apr/2026:23:09:15 +0000] "GET /logo.png HTTP/1.1" 200 2048"
10.0.0.42 - - [13/Apr/2026:23:09:17 +0000] "Failed password for invalid user admin from 10.0.0.42 port 45678 ssh2"
192.168.1.105 - - [13/Apr/2026:23:09:18 +0000] "POST /search HTTP/1.1" 200 345"
172.16.0.99 - - [13/Apr/2026:23:09:20 +0000] "GET /style.css HTTP/1.1" 200 1024"
192.168.1.105 - - [13/Apr/2026:23:09:22 +0000] "Failed password for invalid user admin from 192.168.1.105 port 45678 ssh2"
192.168.1.105 - - [13/Apr/2026:23:09:24 +0000] "POST /search HTTP/1.1" 200 345"
10.0.0.42 - - [13/Apr/2026:23:09:25 +0000] "GET /index.html HTTP/1.1" 200 512"
172.16.0.99 - - [13/Apr/2026:23:09:28 +0000] "GET /logo.png HTTP/1.1" 200 2048"
10.0.0.42 - - [13/Apr/2026:23:09:30 +0000] "POST /search HTTP/1.1" 200 345"
185.143.223.1 - - [13/Apr/2026:23:09:33 +0000] "POST /wp-login.php HTTP/1.1" 200 3456"
172.16.0.99 - - [13/Apr/2026:23:09:35 +0000] "GET /index.html HTTP/1.1" 200 512"
192.168.1.105 - - [13/Apr/2026:23:09:36 +0000] "POST /search HTTP/1.1" 200 345"
172.16.0.99 - - [13/Apr/2026:23:09:38 +0000] "GET /index.html HTTP/1.1" 200 512"
172.16.0.99 - - [13/Apr/2026:23:09:40 +0000] "GET /products.php?id=1' OR '1'='1 HTTP/1.1" 200 452"
10.0.0.42 - - [13/Apr/2026:23:09:41 +0000] "GET /style.css HTTP/1.1" 200 1024"
185.143.223.1 - - [13/Apr/2026:23:09:43 +0000] "GET /style.css HTTP/1.1" 200 1024"
192.168.1.105 - - [13/Apr/2026:23:09:45 +0000] "GET /style.css HTTP/1.1" 200 1024"
192.168.1.105 - - [13/Apr/2026:23:09:47 +0000] "Failed password for root from 192.168.1.105 port 22 ssh2"
10.0.0.42 - - [13/Apr/2026:23:09:50 +0000] "Failed password for invalid user admin from 10.0.0.42 port 45678 ssh2"
172.16.0.99 - - [13/Apr/2026:23:09:53 +0000] "GET /?page=../../../../etc/passwd HTTP/1.1" 200 1024"
185.143.223.1 - - [13/Apr/2026:23:09:55 +0000] "POST /wp-login.php HTTP/1.1" 200 3456"
10.0.0.42 - - [13/Apr/2026:23:09:56 +0000] "GET /logo.png HTTP/1.1" 200 2048"
192.168.1.105 - - [13/Apr/2026:23:09:57 +0000] "GET /index.html HTTP/1.1" 200 512"
10.0.0.42 - - [13/Apr/2026:23:10:00 +0000] "POST /search HTTP/1.1" 200 345"
172.16.0.99 - - [13/Apr/2026:23:10:02 +0000] "GET /logo.png HTTP/1.1" 200 2048"
10.0.0.42 - - [13/Apr/2026:23:10:04 +0000] "Failed password for invalid user admin from 10.0.0.42 port 45678 ssh2"
192.168.1.105 - - [13/Apr/2026:23:10:06 +0000] "POST /search HTTP/1.1" 200 345"
192.168.1.105 - - [13/Apr/2026:23:10:09 +0000] "GET /index.html HTTP/1.1" 200 512"
172.16.0.99 - - [13/Apr/2026:23:10:11 +0000] "GET /products.php?id=1' OR '1'='1 HTTP/1.1" 200 452"
10.0.0.42 - - [13/Apr/2026:23:10:14 +0000] "GET /logo.png HTTP/1.1" 200 2048"
185.143.223.1 - - [13/Apr/2026:23:10:16 +0000] "GET /style.css HTTP/1.1" 200 1024"
192.168.1.105 - - [13/Apr/2026:23:10:18 +0000] "Failed password for invalid user admin from 192.168.1.105 port 45678 ssh2"
10.0.0.42 - - [13/Apr/2026:23:10:19 +0000] "Failed password for invalid user admin from 10.0.0.42 port 45678 ssh2"
172.16.0.99 - - [13/Apr/2026:23:10:22 +0000] "GET /.env HTTP/1.1" 404 196"
10.0.0.42 - - [13/Apr/2026:23:10:23 +0000] "GET /style.css HTTP/1.1" 200 1024"
10.0.0.42 - - [13/Apr/2026:23:10:26 +0000] "GET /index.html HTTP/1.1" 200 512"
185.143.223.1 - - [13/Apr/2026:23:10:29 +0000] "GET /?page=../../../../etc/passwd HTTP/1.1" 200 1024"
192.168.1.105 - - [13/Apr/2026:23:10:30 +0000] "POST /search HTTP/1.1" 200 345"
185.143.223.1 - - [13/Apr/2026:23:10:33 +0000] "GET /.env HTTP/1.1" 404 196"
185.143.223.1 - - [13/Apr/2026:23:10:35 +0000] "GET /logo.png HTTP/1.1" 200 2048"
192.168.1.105 - - [13/Apr/2026:23:10:36 +0000] "POST /search HTTP/1.1" 200 345"
185.143.223.1 - - [13/Apr/2026:23:10:39 +0000] "POST /wp-login.php HTTP/1.1" 200 3456"
192.168.1.105 - - [13/Apr/2026:23:10:41 +0000] "GET /style.css HTTP/1.1" 200 1024"
192.168.1.105 - - [13/Apr/2026:23:10:43 +0000] "GET /?page=../../../../etc/passwd HTTP/1.1" 200 1024"
185.143.223.1 - - [13/Apr/2026:23:10:46 +0000] "POST /search HTTP/1.1" 200 345"
172.16.0.99 - - [13/Apr/2026:23:10:49 +0000] "GET /style.css HTTP/1.1" 200 1024"
192.168.1.105 - - [13/Apr/2026:23:10:51 +0000] "GET /style.css HTTP/1.1" 200 1024"
10.0.0.42 - - [13/Apr/2026:23:10:53 +0000] "GET /index.html HTTP/1.1" 200 512"
185.143.223.1 - - [13/Apr/2026:23:10:56 +0000] "POST /search HTTP/1.1" 200 345"
172.16.0.99 - - [13/Apr/2026:23:10:57 +0000] "GET /style.css HTTP/1.1" 200 1024"
172.16.0.99 - - [13/Apr/2026:23:10:59 +0000] "POST /search HTTP/1.1" 200 345"
185.143.223.1 - - [13/Apr/2026:23:11:01 +0000] "GET /logo.png HTTP/1.1" 200 2048"
185.143.223.1 - - [13/Apr/2026:23:11:04 +0000] "GET /index.html HTTP/1.1" 200 512"
185.143.223.1 - - [13/Apr/2026:23:11:05 +0000] "POST /search HTTP/1.1" 200 345"
192.168.1.105 - - [13/Apr/2026:23:11:06 +0000] "GET /?page=../../../../etc/passwd HTTP/1.1" 200 1024"
185.143.223.1 - - [13/Apr/2026:23:11:09 +0000] "GET /index.html HTTP/1.1" 200 512"
185.143.223.1 - - [13/Apr/2026:23:11:10 +0000] "POST /search HTTP/1.1" 200 345"
10.0.0.42 - - [13/Apr/2026:23:11:12 +0000] "GET /style.css HTTP/1.1" 200 1024"
172.16.0.99 - - [13/Apr/2026:23:11:15 +0000] "Failed password for invalid user admin from 172.16.0.99 port 45678 ssh2"
185.143.223.1 - - [13/Apr/2026:23:11:17 +0000] "Failed password for invalid user admin from 185.143.223.1 port 45678 ssh2"
172.16.0.99 - - [13/Apr/2026:23:11:19 +0000] "GET /.env HTTP/1.1" 404 196"
185.143.223.1 - - [13/Apr/2026:23:11:21 +0000] "GET /?page=../../../../etc/passwd HTTP/1.1" 200 1024"
185.143.223.1 - - [13/Apr/2026:23:11:22 +0000] "Failed password for invalid user admin from 185.143.223.1 port 45678 ssh2"
10.0.0.42 - - [13/Apr/2026:23:11:25 +0000] "GET /?page=../../../../etc/passwd HTTP/1.1" 200 1024"
172.16.0.99 - - [13/Apr/2026:23:11:27 +0000] "POST /search HTTP/1.1" 200 345"
192.168.1.105 - - [13/Apr/2026:23:11:29 +0000] "GET /.env HTTP/1.1" 404 196"
10.0.0.42 - - [13/Apr/2026:23:11:31 +0000] "GET /index.html HTTP/1.1" 200 512"
185.143.223.1 - - [13/Apr/2026:23:11:34 +0000] "GET /style.css HTTP/1.1" 200 1024"
192.168.1.105 - - [13/Apr/2026:23:11:35 +0000] "POST /search HTTP/1.1" 200 345"
10.0.0.42 - - [13/Apr/2026:23:11:38 +0000] "POST /search HTTP/1.1" 200 345"
185.143.223.1 - - [13/Apr/2026:23:11:40 +0000] "POST /search HTTP/1.1" 200 345"
192.168.1.105 - - [13/Apr/2026:23:11:43 +0000] "Failed password for root from 192.168.1.105 port 22 ssh2"
10.0.0.42 - - [13/Apr/2026:23:11:44 +0000] "POST /search HTTP/1.1" 200 345"
172.16.0.99 - - [13/Apr/2026:23:11:47 +0000] "GET /logo.png HTTP/1.1" 200 2048"
192.168.1.105 - - [13/Apr/2026:23:11:49 +0000] "GET /index.html HTTP/1.1" 200 512"
192.168.1.105 - - [13/Apr/2026:23:11:51 +0000] "GET /admin/config.php.bak HTTP/1.1" 403 234"
185.143.223.1 - - [13/Apr/2026:23:11:53 +0000] "Failed password for invalid user admin from 185.143.223.1 port 45678 ssh2"
10.0.0.42 - - [13/Apr/2026:23:11:55 +0000] "Failed password for invalid user admin from 10.0.0.42 port 45678 ssh2"
10.0.0.42 - - [13/Apr/2026:23:11:57 +0000] "GET /logo.png HTTP/1.1" 200 2048"
192.168.1.105 - - [13/Apr/2026:23:11:59 +0000] "POST /search HTTP/1.1" 200 345"
192.168.1.105 - - [13/Apr/2026:23:12:00 +0000] "GET /logo.png HTTP/1.1" 200 2048"
10.0.0.42 - - [13/Apr/2026:23:12:02 +0000] "GET /products.php?id=1' OR '1'='1 HTTP/1.1" 200 452"
172.16.0.99 - - [13/Apr/2026:23:12:04 +0000] "GET /admin/config.php.bak HTTP/1.1" 403 234"
185.143.223.1 - - [13/Apr/2026:23:12:05 +0000] "GET /logo.png HTTP/1.1" 200 2048"
192.168.1.105 - - [13/Apr/2026:23:12:08 +0000] "GET /logo.png HTTP/1.1" 200 2048"
192.168.1.105 - - [13/Apr/2026:23:12:10 +0000] "GET /style.css HTTP/1.1" 200 1024"
185.143.223.1 - - [13/Apr/2026:23:12:11 +0000] "POST /search HTTP/1.1" 200 345"
10.0.0.42 - - [13/Apr/2026:23:12:14 +0000] "GET /style.css HTTP/1.1" 200 1024"
172.16.0.99 - - [13/Apr/2026:23:12:16 +0000] "GET /?page=../../../../etc/passwd HTTP/1.1" 200 1024"
172.16.0.99 - - [13/Apr/2026:23:12:19 +0000] "Failed password for invalid user admin from 172.16.0.99 port 45678 ssh2"
10.0.0.42 - - [13/Apr/2026:23:12:21 +0000] "GET /logo.png HTTP/1.1" 200 2048"
185.143.223.1 - - [13/Apr/2026:23:12:24 +0000] "GET /index.html HTTP/1.1" 200 512"
185.143.223.1 - - [13/Apr/2026:23:12:26 +0000] "GET /logo.png HTTP/1.1" 200 2048"
192.168.1.105 - - [13/Apr/2026:23:12:28 +0000] "Failed password for root from 192.168.1.105 port 22 ssh2"
185.143.223.1 - - [13/Apr/2026:23:12:31 +0000] "POST /search HTTP/1.1" 200 345"
172.16.0.99 - - [13/Apr/2026:23:12:33 +0000] "GET /logo.png HTTP/1.1" 200 2048"
185.143.223.1 - - [13/Apr/2026:23:12:35 +0000] "GET /.env HTTP/1.1" 404 196"
185.143.223.1 - - [13/Apr/2026:23:12:37 +0000] "GET /index.html HTTP/1.1" 200 512"
185.143.223.1 - - [13/Apr/2026:23:12:38 +0000] "GET /index.html HTTP/1.1" 200 512"
185.143.223.1 - - [13/Apr/2026:23:12:40 +0000] "POST /search HTTP/1.1" 200 345"
10.0.0.42 - - [13/Apr/2026:23:12:42 +0000] "GET /products.php?id=1' OR '1'='1 HTTP/1.1" 200 452"
192.168.1.105 - - [13/Apr/2026:23:12:45 +0000] "GET /style.css HTTP/1.1" 200 1024"
10.0.0.42 - - [13/Apr/2026:23:12:47 +0000] "GET /style.css HTTP/1.1" 200 1024"
10.0.0.42 - - [13/Apr/2026:23:12:49 +0000] "GET /logo.png HTTP/1.1" 200 2048"
185.143.223.1 - - [13/Apr/2026:23:12:52 +0000] "GET /admin/config.php.bak HTTP/1.1" 403 234"
10.0.0.42 - - [13/Apr/2026:23:12:54 +0000] "GET /.env HTTP/1.1" 404 196"
10.0.0.42 - - [13/Apr/2026:23:12:55 +0000] "GET /style.css HTTP/1.1" 200 1024"
185.143.223.1 - - [13/Apr/2026:23:12:58 +0000] "GET /style.css HTTP/1.1" 200 1024"
185.143.223.1 - - [13/Apr/2026:23:12:59 +0000] "POST /wp-login.php HTTP/1.1" 200 3456"
185.143.223.1 - - [13/Apr/2026:23:13:02 +0000] "GET /index.html HTTP/1.1" 200 512"
185.143.223.1 - - [13/Apr/2026:23:13:04 +0000] "GET /logo.png HTTP/1.1" 200 2048"
192.168.1.105 - - [13/Apr/2026:23:13:06 +0000] "GET /products.php?id=1' OR '1'='1 HTTP/1.1" 200 452"
185.143.223.1 - - [13/Apr/2026:23:13:08 +0000] "GET /index.html HTTP/1.1" 200 512"
185.143.223.1 - - [13/Apr/2026:23:13:09 +0000] "GET /.env HTTP/1.1" 404 196"
192.168.1.105 - - [13/Apr/2026:23:13:11 +0000] "GET /.env HTTP/1.1" 404 196"
10.0.0.42 - - [13/Apr/2026:23:13:13 +0000] "Failed password for root from 10.0.0.42 port 22 ssh2"
192.168.1.105 - - [13/Apr/2026:23:13:15 +0000] "POST /search HTTP/1.1" 200 345"
172.16.0.99 - - [13/Apr/2026:23:13:16 +0000] "GET /logo.png HTTP/1.1" 200 2048"
192.168.1.105 - - [13/Apr/2026:23:13:17 +0000] "GET /logo.png HTTP/1.1" 200 2048"
185.143.223.1 - - [13/Apr/2026:23:13:19 +0000] "GET /?page=../../../../etc/passwd HTTP/1.1" 200 1024"
10.0.0.42 - - [13/Apr/2026:23:13:22 +0000] "GET /style.css HTTP/1.1" 200 1024"
185.143.223.1 - - [13/Apr/2026:23:13:23 +0000] "GET /style.css HTTP/1.1" 200 1024"
172.16.0.99 - - [13/Apr/2026:23:13:26 +0000] "GET /index.html HTTP/1.1" 200 512"
185.143.223.1 - - [13/Apr/2026:23:13:28 +0000] "GET /products.php?id=1' OR '1'='1 HTTP/1.1" 200 452"
172.16.0.99 - - [13/Apr/2026:23:13:29 +0000] "GET /.env HTTP/1.1" 404 196"
192.168.1.105 - - [13/Apr/2026:23:13:32 +0000] "GET /logo.png HTTP/1.1" 200 2048"
10.0.0.42 - - [13/Apr/2026:23:13:33 +0000] "GET /index.html HTTP/1.1" 200 512"
10.0.0.42 - - [13/Apr/2026:23:13:36 +0000] "GET /index.html HTTP/1.1" 200 512"
185.143.223.1 - - [13/Apr/2026:23:13:39 +0000] "GET /admin/config.php.bak HTTP/1.1" 403 234"
10.0.0.42 - - [13/Apr/2026:23:13:40 +0000] "Failed password for root from 10.0.0.42 port 22 ssh2"
10.0.0.42 - - [13/Apr/2026:23:13:42 +0000] "POST /wp-login.php HTTP/1.1" 200 3456"
10.0.0.42 - - [13/Apr/2026:23:13:44 +0000] "Failed password for invalid user admin from 10.0.0.42 port 45678 ssh2"
172.16.0.99 - - [13/Apr/2026:23:13:46 +0000] "GET /products.php?id=1' OR '1'='1 HTTP/1.1" 200 452"
185.143.223.1 - - [13/Apr/2026:23:13:48 +0000] "GET /style.css HTTP/1.1" 200 1024"
172.16.0.99 - - [13/Apr/2026:23:13:50 +0000] "Failed password for root from 172.16.0.99 port 22 ssh2"
10.0.0.42 - - [13/Apr/2026:23:13:53 +0000] "GET /.env HTTP/1.1" 404 196"
192.168.1.105 - - [13/Apr/2026:23:13:54 +0000] "GET /index.html HTTP/1.1" 200 512"
172.16.0.99 - - [13/Apr/2026:23:13:55 +0000] "GET /index.html HTTP/1.1" 200 512"
172.16.0.99 - - [13/Apr/2026:23:13:58 +0000] "GET /index.html HTTP/1.1" 200 512"
10.0.0.42 - - [13/Apr/2026:23:14:00 +0000] "GET /logo.png HTTP/1.1" 200 2048"
192.168.1.105 - - [13/Apr/2026:23:14:01 +0000] "GET /.env HTTP/1.1" 404 196"
185.143.223.1 - - [13/Apr/2026:23:14:04 +0000] "POST /search HTTP/1.1" 200 345"
172.16.0.99 - - [13/Apr/2026:23:14:07 +0000] "GET /index.html HTTP/1.1" 200 512"
172.16.0.99 - - [13/Apr/2026:23:14:08 +0000] "Failed password for root from 172.16.0.99 port 22 ssh2"
185.143.223.1 - - [13/Apr/2026:23:14:11 +0000] "GET /admin/config.php.bak HTTP/1.1" 403 234"
192.168.1.105 - - [13/Apr/2026:23:14:12 +0000] "GET /logo.png HTTP/1.1" 200 2048"
185.143.223.1 - - [13/Apr/2026:23:14:14 +0000] "GET /index.html HTTP/1.1" 200 512"
185.143.223.1 - - [13/Apr/2026:23:14:16 +0000] "GET /?page=../../../../etc/passwd HTTP/1.1" 200 1024"
185.143.223.1 - - [13/Apr/2026:23:14:17 +0000] "Failed password for root from 185.143.223.1 port 22 ssh2"
172.16.0.99 - - [13/Apr/2026:23:14:18 +0000] "Failed password for invalid user admin from 172.16.0.99 port 45678 ssh2"
10.0.0.42 - - [13/Apr/2026:23:14:21 +0000] "Failed password for root from 10.0.0.42 port 22 ssh2"
172.16.0.99 - - [13/Apr/2026:23:14:22 +0000] "GET /logo.png HTTP/1.1" 200 2048"
172.16.0.99 - - [13/Apr/2026:23:14:23 +0000] "GET /index.html HTTP/1.1" 200 512"
185.143.223.1 - - [13/Apr/2026:23:14:25 +0000] "Failed password for invalid user admin from 185.143.223.1 port 45678 ssh2"
192.168.1.105 - - [13/Apr/2026:23:14:26 +0000] "GET /products.php?id=1' OR '1'='1 HTTP/1.1" 200 452"
192.168.1.105 - - [13/Apr/2026:23:14:28 +0000] "GET /index.html HTTP/1.1" 200 512"
185.143.223.1 - - [13/Apr/2026:23:14:30 +0000] "GET /index.html HTTP/1.1" 200 512"
185.143.223.1 - - [13/Apr/2026:23:14:33 +0000] "GET /logo.png HTTP/1.1" 200 2048"
172.16.0.99 - - [13/Apr/2026:23:14:34 +0000] "GET /logo.png HTTP/1.1" 200 2048"
192.168.1.105 - - [13/Apr/2026:23:14:36 +0000] "GET /products.php?id=1' OR '1'='1 HTTP/1.1" 200 452"
185.143.223.1 - - [13/Apr/2026:23:14:38 +0000] "GET /style.css HTTP/1.1" 200 1024"
185.143.223.1 - - [13/Apr/2026:23:14:41 +0000] "GET /products.php?id=1' OR '1'='1 HTTP/1.1" 200 452"
172.16.0.99 - - [13/Apr/2026:23:14:43 +0000] "GET /index.html HTTP/1.1" 200 512"
172.16.0.99 - - [13/Apr/2026:23:14:45 +0000] "GET /?page=../../../../etc/passwd HTTP/1.1" 200 1024"
185.143.223.1 - - [13/Apr/2026:23:14:48 +0000] "GET /logo.png HTTP/1.1" 200 2048"
172.16.0.99 - - [13/Apr/2026:23:14:50 +0000] "Failed password for root from 172.16.0.99 port 22 ssh2"
10.0.0.42 - - [13/Apr/2026:23:14:53 +0000] "Failed password for invalid user admin from 10.0.0.42 port 45678 ssh2"
192.168.1.105 - - [13/Apr/2026:23:14:55 +0000] "GET /index.html HTTP/1.1" 200 512"
10.0.0.42 - - [13/Apr/2026:23:14:57 +0000] "POST /search HTTP/1.1" 200 345"
10.0.0.42 - - [13/Apr/2026:23:14:59 +0000] "GET /style.css HTTP/1.1" 200 1024"
185.143.223.1 - - [13/Apr/2026:23:15:01 +0000] "POST /wp-login.php HTTP/1.1" 200 3456"
172.16.0.99 - - [13/Apr/2026:23:15:02 +0000] "GET /index.html HTTP/1.1" 200 512"
192.168.1.105 - - [13/Apr/2026:23:15:04 +0000] "Failed password for root from 192.168.1.105 port 22 ssh2"
172.16.0.99 - - [13/Apr/2026:23:15:06 +0000] "GET /index.html HTTP/1.1" 200 512"
192.168.1.105 - - [13/Apr/2026:23:15:07 +0000] "GET /admin/config.php.bak HTTP/1.1" 403 234"
192.168.1.105 - - [13/Apr/2026:23:15:10 +0000] "Failed password for root from 192.168.1.105 port 22 ssh2"
185.143.223.1 - - [13/Apr/2026:23:15:11 +0000] "GET /.env HTTP/1.1" 404 196"
185.143.223.1 - - [13/Apr/2026:23:15:14 +0000] "GET /logo.png HTTP/1.1" 200 2048"
192.168.1.105 - - [13/Apr/2026:23:15:16 +0000] "GET /admin/config.php.bak HTTP/1.1" 403 234"
185.143.223.1 - - [13/Apr/2026:23:15:17 +0000] "GET /logo.png HTTP/1.1" 200 2048"
172.16.0.99 - - [13/Apr/2026:23:15:20 +0000] "POST /search HTTP/1.1" 200 345"
192.168.1.105 - - [13/Apr/2026:23:15:21 +0000] "Failed password for root from 192.168.1.105 port 22 ssh2"
185.143.223.1 - - [13/Apr/2026:23:15:22 +0000] "Failed password for root from 185.143.223.1 port 22 ssh2"
172.16.0.99 - - [13/Apr/2026:23:15:23 +0000] "POST /search HTTP/1.1" 200 345"
192.168.1.105 - - [13/Apr/2026:23:15:25 +0000] "GET /?page=../../../../etc/passwd HTTP/1.1" 200 1024"
172.16.0.99 - - [13/Apr/2026:23:15:27 +0000] "GET /admin/config.php.bak HTTP/1.1" 403 234"
192.168.1.105 - - [13/Apr/2026:23:15:30 +0000] "GET /logo.png HTTP/1.1" 200 2048"
192.168.1.105 - - [13/Apr/2026:23:15:31 +0000] "GET /index.html HTTP/1.1" 200 512"
185.143.223.1 - - [13/Apr/2026:23:15:34 +0000] "GET /style.css HTTP/1.1" 200 1024"
192.168.1.105 - - [13/Apr/2026:23:15:36 +0000] "GET /index.html HTTP/1.1" 200 512"
185.143.223.1 - - [13/Apr/2026:23:15:38 +0000] "GET /logo.png HTTP/1.1" 200 2048"
172.16.0.99 - - [13/Apr/2026:23:15:39 +0000] "GET /admin/config.php.bak HTTP/1.1" 403 234"
172.16.0.99 - - [13/Apr/2026:23:15:40 +0000] "GET /logo.png HTTP/1.1" 200 2048"
192.168.1.105 - - [13/Apr/2026:23:15:41 +0000] "GET /style.css HTTP/1.1" 200 1024"
192.168.1.105 - - [13/Apr/2026:23:15:43 +0000] "GET /index.html HTTP/1.1" 200 512"
172.16.0.99 - - [13/Apr/2026:23:15:46 +0000] "GET /products.php?id=1' OR '1'='1 HTTP/1.1" 200 452"
192.168.1.105 - - [13/Apr/2026:23:15:47 +0000] "GET /admin/config.php.bak HTTP/1.1" 403 234"
172.16.0.99 - - [13/Apr/2026:23:15:48 +0000] "GET /logo.png HTTP/1.1" 200 2048"
192.168.1.105 - - [13/Apr/2026:23:15:50 +0000] "GET /.env HTTP/1.1" 404 196"
185.143.223.1 - - [13/Apr/2026:23:15:52 +0000] "GET /index.html HTTP/1.1" 200 512"
185.143.223.1 - - [13/Apr/2026:23:15:55 +0000] "GET /style.css HTTP/1.1" 200 1024"
185.143.223.1 - - [13/Apr/2026:23:15:57 +0000] "GET /logo.png HTTP/1.1" 200 2048"
185.143.223.1 - - [13/Apr/2026:23:15:59 +0000] "Failed password for invalid user admin from 185.143.223.1 port 45678 ssh2"
192.168.1.105 - - [13/Apr/2026:23:16:00 +0000] "POST /wp-login.php HTTP/1.1" 200 3456"
192.168.1.105 - - [13/Apr/2026:23:16:02 +0000] "GET /logo.png HTTP/1.1" 200 2048"
185.143.223.1 - - [13/Apr/2026:23:16:04 +0000] "Failed password for root from 185.143.223.1 port 22 ssh2"
192.168.1.105 - - [13/Apr/2026:23:16:06 +0000] "GET /.env HTTP/1.1" 404 196"
10.0.0.42 - - [13/Apr/2026:23:16:08 +0000] "POST /search HTTP/1.1" 200 345"
172.16.0.99 - - [13/Apr/2026:23:16:11 +0000] "GET /index.html HTTP/1.1" 200 512"
172.16.0.99 - - [13/Apr/2026:23:16:13 +0000] "Failed password for root from 172.16.0.99 port 22 ssh2"
172.16.0.99 - - [13/Apr/2026:23:16:16 +0000] "GET /logo.png HTTP/1.1" 200 2048"
185.143.223.1 - - [13/Apr/2026:23:16:17 +0000] "Failed password for invalid user admin from 185.143.223.1 port 45678 ssh2"
192.168.1.105 - - [13/Apr/2026:23:16:19 +0000] "POST /wp-login.php HTTP/1.1" 200 3456"
172.16.0.99 - - [13/Apr/2026:23:16:21 +0000] "GET /index.html HTTP/1.1" 200 512"
10.0.0.42 - - [13/Apr/2026:23:16:23 +0000] "GET /?page=../../../../etc/passwd HTTP/1.1" 200 1024"
10.0.0.42 - - [13/Apr/2026:23:16:25 +0000] "GET /style.css HTTP/1.1" 200 1024"
172.16.0.99 - - [13/Apr/2026:23:16:26 +0000] "Failed password for invalid user admin from 172.16.0.99 port 45678 ssh2"
185.143.223.1 - - [13/Apr/2026:23:16:28 +0000] "Failed password for root from 185.143.223.1 port 22 ssh2"
172.16.0.99 - - [13/Apr/2026:23:16:30 +0000] "POST /search HTTP/1.1" 200 345"
185.143.223.1 - - [13/Apr/2026:23:16:31 +0000] "Failed password for invalid user admin from 185.143.223.1 port 45678 ssh2"
185.143.223.1 - - [13/Apr/2026:23:16:33 +0000] "GET /style.css HTTP/1.1" 200 1024"
10.0.0.42 - - [13/Apr/2026:23:16:34 +0000] "POST /search HTTP/1.1" 200 345"
192.168.1.105 - - [13/Apr/2026:23:16:37 +0000] "Failed password for invalid user admin from 192.168.1.105 port 45678 ssh2"
10.0.0.42 - - [13/Apr/2026:23:16:40 +0000] "GET /.env HTTP/1.1" 404 196"
192.168.1.105 - - [13/Apr/2026:23:16:41 +0000] "Failed password for root from 192.168.1.105 port 22 ssh2"
192.168.1.105 - - [13/Apr/2026:23:16:44 +0000] "GET /logo.png HTTP/1.1" 200 2048"
172.16.0.99 - - [13/Apr/2026:23:16:47 +0000] "GET /admin/config.php.bak HTTP/1.1" 403 234"
185.143.223.1 - - [13/Apr/2026:23:16:48 +0000] "POST /search HTTP/1.1" 200 345"
172.16.0.99 - - [13/Apr/2026:23:16:50 +0000] "GET /.env HTTP/1.1" 404 196"
192.168.1.105 - - [13/Apr/2026:23:16:53 +0000] "POST /search HTTP/1.1" 200 345"
185.143.223.1 - - [13/Apr/2026:23:16:55 +0000] "GET /index.html HTTP/1.1" 200 512"
10.0.0.42 - - [13/Apr/2026:23:16:58 +0000] "GET /logo.png HTTP/1.1" 200 2048"
185.143.223.1 - - [13/Apr/2026:23:17:00 +0000] "POST /search HTTP/1.1" 200 345"
172.16.0.99 - - [13/Apr/2026:23:17:02 +0000] "GET /?page=../../../../etc/passwd HTTP/1.1" 200 1024"
192.168.1.105 - - [13/Apr/2026:23:17:03 +0000] "GET /products.php?id=1' OR '1'='1 HTTP/1.1" 200 452"
172.16.0.99 - - [13/Apr/2026:23:17:06 +0000] "POST /search HTTP/1.1" 200 345"
192.168.1.105 - - [13/Apr/2026:23:17:07 +0000] "POST /search HTTP/1.1" 200 345"
172.16.0.99 - - [13/Apr/2026:23:17:09 +0000] "POST /search HTTP/1.1" 200 345"
192.168.1.105 - - [13/Apr/2026:23:17:12 +0000] "POST /search HTTP/1.1" 200 345"
185.143.223.1 - - [13/Apr/2026:23:17:14 +0000] "Failed password for invalid user admin from 185.143.223.1 port 45678 ssh2"
10.0.0.42 - - [13/Apr/2026:23:17:16 +0000] "Failed password for invalid user admin from 10.0.0.42 port 45678 ssh2"
172.16.0.99 - - [13/Apr/2026:23:17:17 +0000] "GET /logo.png HTTP/1.1" 200 2048"
185.143.223.1 - - [13/Apr/2026:23:17:19 +0000] "POST /wp-login.php HTTP/1.1" 200 3456"
10.0.0.42 - - [13/Apr/2026:23:17:21 +0000] "GET /.env HTTP/1.1" 404 196"
185.143.223.1 - - [13/Apr/2026:23:17:24 +0000] "GET /style.css HTTP/1.1" 200 1024"
10.0.0.42 - - [13/Apr/2026:23:17:25 +0000] "GET /logo.png HTTP/1.1" 200 2048"
172.16.0.99 - - [13/Apr/2026:23:17:28 +0000] "POST /wp-login.php HTTP/1.1" 200 3456"
10.0.0.42 - - [13/Apr/2026:23:17:30 +0000] "Failed password for invalid user admin from 10.0.0.42 port 45678 ssh2"
185.143.223.1 - - [13/Apr/2026:23:17:31 +0000] "POST /search HTTP/1.1" 200 345"
185.143.223.1 - - [13/Apr/2026:23:17:34 +0000] "GET /?page=../../../../etc/passwd HTTP/1.1" 200 1024"
172.16.0.99 - - [13/Apr/2026:23:17:37 +0000] "GET /products.php?id=1' OR '1'='1 HTTP/1.1" 200 452"
172.16.0.99 - - [13/Apr/2026:23:17:39 +0000] "GET /index.html HTTP/1.1" 200 512"
10.0.0.42 - - [13/Apr/2026:23:17:41 +0000] "GET /index.html HTTP/1.1" 200 512"
192.168.1.105 - - [13/Apr/2026:23:17:42 +0000] "GET /index.html HTTP/1.1" 200 512"
10.0.0.42 - - [13/Apr/2026:23:17:45 +0000] "GET /admin/config.php.bak HTTP/1.1" 403 234"
192.168.1.105 - - [13/Apr/2026:23:17:47 +0000] "GET /logo.png HTTP/1.1" 200 2048"
185.143.223.1 - - [13/Apr/2026:23:17:50 +0000] "POST /search HTTP/1.1" 200 345"
10.0.0.42 - - [13/Apr/2026:23:17:52 +0000] "Failed password for root from 10.0.0.42 port 22 ssh2"
10.0.0.42 - - [13/Apr/2026:23:17:54 +0000] "GET /logo.png HTTP/1.1" 200 2048"
10.0.0.42 - - [13/Apr/2026:23:17:57 +0000] "Failed password for root from 10.0.0.42 port 22 ssh2"
185.143.223.1 - - [13/Apr/2026:23:17:59 +0000] "GET /admin/config.php.bak HTTP/1.1" 403 234"
172.16.0.99 - - [13/Apr/2026:23:18:02 +0000] "POST /wp-login.php HTTP/1.1" 200 3456"
172.16.0.99 - - [13/Apr/2026:23:18:04 +0000] "GET /admin/config.php.bak HTTP/1.1" 403 234"
10.0.0.42 - - [13/Apr/2026:23:18:06 +0000] "GET /index.html HTTP/1.1" 200 512"
192.168.1.105 - - [13/Apr/2026:23:18:08 +0000] "GET /style.css HTTP/1.1" 200 1024"
185.143.223.1 - - [13/Apr/2026:23:18:09 +0000] "GET /?page=../../../../etc/passwd HTTP/1.1" 200 1024"
10.0.0.42 - - [13/Apr/2026:23:18:12 +0000] "POST /search HTTP/1.1" 200 345"
192.168.1.105 - - [13/Apr/2026:23:18:14 +0000] "Failed password for root from 192.168.1.105 port 22 ssh2"
185.143.223.1 - - [13/Apr/2026:23:18:17 +0000] "Failed password for invalid user admin from 185.143.223.1 port 45678 ssh2"
172.16.0.99 - - [13/Apr/2026:23:18:19 +0000] "GET /admin/config.php.bak HTTP/1.1" 403 234"
10.0.0.42 - - [13/Apr/2026:23:18:21 +0000] "GET /index.html HTTP/1.1" 200 512"
185.143.223.1 - - [13/Apr/2026:23:18:23 +0000] "GET /logo.png HTTP/1.1" 200 2048"
172.16.0.99 - - [13/Apr/2026:23:18:26 +0000] "GET /style.css HTTP/1.1" 200 1024"
192.168.1.105 - - [13/Apr/2026:23:18:29 +0000] "Failed password for root from 192.168.1.105 port 22 ssh2"
192.168.1.105 - - [13/Apr/2026:23:18:30 +0000] "GET /logo.png HTTP/1.1" 200 2048"
192.168.1.105 - - [13/Apr/2026:23:18:32 +0000] "GET /?page=../../../../etc/passwd HTTP/1.1" 200 1024"
185.143.223.1 - - [13/Apr/2026:23:18:35 +0000] "GET /style.css HTTP/1.1" 200 1024"
10.0.0.42 - - [13/Apr/2026:23:18:37 +0000] "GET /.env HTTP/1.1" 404 196"
10.0.0.42 - - [13/Apr/2026:23:18:39 +0000] "GET /admin/config.php.bak HTTP/1.1" 403 234"
185.143.223.1 - - [13/Apr/2026:23:18:42 +0000] "POST /search HTTP/1.1" 200 345"
172.16.0.99 - - [13/Apr/2026:23:18:44 +0000] "Failed password for invalid user admin from 172.16.0.99 port 45678 ssh2"
10.0.0.42 - - [13/Apr/2026:23:18:47 +0000] "GET /.env HTTP/1.1" 404 196"
192.168.1.105 - - [13/Apr/2026:23:18:50 +0000] "GET /index.html HTTP/1.1" 200 512"
172.16.0.99 - - [13/Apr/2026:23:18:51 +0000] "Failed password for invalid user admin from 172.16.0.99 port 45678 ssh2"
172.16.0.99 - - [13/Apr/2026:23:18:53 +0000] "GET /style.css HTTP/1.1" 200 1024"
10.0.0.42 - - [13/Apr/2026:23:18:55 +0000] "GET /index.html HTTP/1.1" 200 512"
192.168.1.105 - - [13/Apr/2026:23:18:57 +0000] "GET /.env HTTP/1.1" 404 196"
172.16.0.99 - - [13/Apr/2026:23:18:59 +0000] "GET /?page=../../../../etc/passwd HTTP/1.1" 200 1024"
185.143.223.1 - - [13/Apr/2026:23:19:01 +0000] "GET /admin/config.php.bak HTTP/1.1" 403 234"
185.143.223.1 - - [13/Apr/2026:23:19:04 +0000] "Failed password for root from 185.143.223.1 port 22 ssh2"
10.0.0.42 - - [13/Apr/2026:23:19:06 +0000] "GET /logo.png HTTP/1.1" 200 2048"
192.168.1.105 - - [13/Apr/2026:23:19:08 +0000] "GET /logo.png HTTP/1.1" 200 2048"
10.0.0.42 - - [13/Apr/2026:23:19:10 +0000] "GET /index.html HTTP/1.1" 200 512"
172.16.0.99 - - [13/Apr/2026:23:19:11 +0000] "POST /search HTTP/1.1" 200 345"
185.143.223.1 - - [13/Apr/2026:23:19:13 +0000] "GET /.env HTTP/1.1" 404 196"
10.0.0.42 - - [13/Apr/2026:23:19:16 +0000] "Failed password for invalid user admin from 10.0.0.42 port 45678 ssh2"
172.16.0.99 - - [13/Apr/2026:23:19:17 +0000] "GET /style.css HTTP/1.1" 200 1024"
192.168.1.105 - - [13/Apr/2026:23:19:19 +0000] "POST /search HTTP/1.1" 200 345"
10.0.0.42 - - [13/Apr/2026:23:19:22 +0000] "GET /logo.png HTTP/1.1" 200 2048"
185.143.223.1 - - [13/Apr/2026:23:19:24 +0000] "GET /index.html HTTP/1.1" 200 512"
185.143.223.1 - - [13/Apr/2026:23:19:25 +0000] "GET /logo.png HTTP/1.1" 200 2048"
10.0.0.42 - - [13/Apr/2026:23:19:27 +0000] "POST /search HTTP/1.1" 200 345"
172.16.0.99 - - [13/Apr/2026:23:19:28 +0000] "POST /search HTTP/1.1" 200 345"
172.16.0.99 - - [13/Apr/2026:23:19:31 +0000] "GET /?page=../../../../etc/passwd HTTP/1.1" 200 1024"
172.16.0.99 - - [13/Apr/2026:23:19:33 +0000] "GET /logo.png HTTP/1.1" 200 2048"
185.143.223.1 - - [13/Apr/2026:23:19:34 +0000] "POST /search HTTP/1.1" 200 345"
185.143.223.1 - - [13/Apr/2026:23:19:37 +0000] "GET /style.css HTTP/1.1" 200 1024"
10.0.0.42 - - [13/Apr/2026:23:19:39 +0000] "GET /admin/config.php.bak HTTP/1.1" 403 234"
185.143.223.1 - - [13/Apr/2026:23:19:41 +0000] "GET /logo.png HTTP/1.1" 200 2048"
172.16.0.99 - - [13/Apr/2026:23:19:43 +0000] "POST /search HTTP/1.1" 200 345"
185.143.223.1 - - [13/Apr/2026:23:19:45 +0000] "POST /search HTTP/1.1" 200 345"
10.0.0.42 - - [13/Apr/2026:23:19:46 +0000] "GET /index.html HTTP/1.1" 200 512"
10.0.0.42 - - [13/Apr/2026:23:19:49 +0000] "GET /admin/config.php.bak HTTP/1.1" 403 234"
185.143.223.1 - - [13/Apr/2026:23:19:51 +0000] "GET /style.css HTTP/1.1" 200 1024"
10.0.0.42 - - [13/Apr/2026:23:19:53 +0000] "GET /logo.png HTTP/1.1" 200 2048"
185.143.223.1 - - [13/Apr/2026:23:19:54 +0000] "Failed password for invalid user admin from 185.143.223.1 port 45678 ssh2"
192.168.1.105 - - [13/Apr/2026:23:19:56 +0000] "GET /style.css HTTP/1.1" 200 1024"
192.168.1.105 - - [13/Apr/2026:23:19:59 +0000] "GET /.env HTTP/1.1" 404 196"
172.16.0.99 - - [14/Apr/2026:11:50:58 +0000] "POST /search HTTP/1.1" 200 345"
192.168.1.105 - - [14/Apr/2026:11:50:59 +0000] "GET /admin/config.php.bak HTTP/1.1" 403 234"
10.0.0.42 - - [14/Apr/2026:11:51:01 +0000] "Failed password for invalid user admin from 10.0.0.42 port 45678 ssh2"
185.143.223.1 - - [14/Apr/2026:11:51:03 +0000] "GET /admin/config.php.bak HTTP/1.1" 403 234"
192.168.1.105 - - [14/Apr/2026:11:51:05 +0000] "Failed password for invalid user admin from 192.168.1.105 port 45678 ssh2"
10.0.0.42 - - [14/Apr/2026:11:51:08 +0000] "GET /logo.png HTTP/1.1" 200 2048"
172.16.0.99 - - [14/Apr/2026:11:51:09 +0000] "POST /wp-login.php HTTP/1.1" 200 3456"
172.16.0.99 - - [14/Apr/2026:11:51:11 +0000] "GET /logo.png HTTP/1.1" 200 2048"
10.0.0.42 - - [14/Apr/2026:11:51:12 +0000] "GET /index.html HTTP/1.1" 200 512"
172.16.0.99 - - [14/Apr/2026:11:51:15 +0000] "GET /logo.png HTTP/1.1" 200 2048"
172.16.0.99 - - [14/Apr/2026:11:51:16 +0000] "GET /?page=../../../../etc/passwd HTTP/1.1" 200 1024"
192.168.1.105 - - [14/Apr/2026:11:51:19 +0000] "GET /index.html HTTP/1.1" 200 512"
172.16.0.99 - - [14/Apr/2026:11:51:21 +0000] "Failed password for invalid user admin from 172.16.0.99 port 45678 ssh2"
185.143.223.1 - - [14/Apr/2026:11:51:23 +0000] "GET /logo.png HTTP/1.1" 200 2048"
172.16.0.99 - - [14/Apr/2026:11:51:25 +0000] "GET /index.html HTTP/1.1" 200 512"
10.0.0.42 - - [14/Apr/2026:11:51:27 +0000] "GET /products.php?id=1' OR '1'='1 HTTP/1.1" 200 452"
10.0.0.42 - - [14/Apr/2026:11:51:28 +0000] "GET /index.html HTTP/1.1" 200 512"
192.168.1.105 - - [14/Apr/2026:11:51:29 +0000] "POST /wp-login.php HTTP/1.1" 200 3456"
192.168.1.105 - - [14/Apr/2026:11:51:31 +0000] "Failed password for invalid user admin from 192.168.1.105 port 45678 ssh2"
192.168.1.105 - - [14/Apr/2026:11:51:33 +0000] "POST /wp-login.php HTTP/1.1" 200 3456"
192.168.1.105 - - [14/Apr/2026:11:51:36 +0000] "GET /style.css HTTP/1.1" 200 1024"
192.168.1.105 - - [14/Apr/2026:11:51:39 +0000] "GET /logo.png HTTP/1.1" 200 2048"
185.143.223.1 - - [14/Apr/2026:11:51:42 +0000] "Failed password for invalid user admin from 185.143.223.1 port 45678 ssh2"
185.143.223.1 - - [14/Apr/2026:11:51:44 +0000] "GET /logo.png HTTP/1.1" 200 2048"
10.0.0.42 - - [14/Apr/2026:11:51:45 +0000] "GET /admin/config.php.bak HTTP/1.1" 403 234"
172.16.0.99 - - [14/Apr/2026:11:51:48 +0000] "GET /index.html HTTP/1.1" 200 512"
10.0.0.42 - - [14/Apr/2026:11:51:49 +0000] "GET /style.css HTTP/1.1" 200 1024"
192.168.1.105 - - [14/Apr/2026:11:51:50 +0000] "GET /admin/config.php.bak HTTP/1.1" 403 234"
192.168.1.105 - - [14/Apr/2026:11:51:53 +0000] "GET /admin/config.php.bak HTTP/1.1" 403 234"
192.168.1.105 - - [14/Apr/2026:11:51:55 +0000] "POST /search HTTP/1.1" 200 345"
185.143.223.1 - - [14/Apr/2026:11:51:56 +0000] "GET /style.css HTTP/1.1" 200 1024"
185.143.223.1 - - [14/Apr/2026:11:51:58 +0000] "POST /search HTTP/1.1" 200 345"
192.168.1.105 - - [14/Apr/2026:11:52:00 +0000] "Failed password for root from 192.168.1.105 port 22 ssh2"
185.143.223.1 - - [14/Apr/2026:11:52:01 +0000] "GET /style.css HTTP/1.1" 200 1024"
10.0.0.42 - - [14/Apr/2026:11:52:03 +0000] "POST /search HTTP/1.1" 200 345"
172.16.0.99 - - [14/Apr/2026:11:52:05 +0000] "GET /admin/config.php.bak HTTP/1.1" 403 234"
10.0.0.42 - - [14/Apr/2026:11:52:07 +0000] "POST /search HTTP/1.1" 200 345"
10.0.0.42 - - [14/Apr/2026:11:52:09 +0000] "GET /style.css HTTP/1.1" 200 1024"
185.143.223.1 - - [14/Apr/2026:12:37:46 +0000] "POST /wp-login.php HTTP/1.1" 200 3456"
172.16.0.99 - - [14/Apr/2026:12:37:47 +0000] "POST /search HTTP/1.1" 200 345"
185.143.223.1 - - [14/Apr/2026:12:37:49 +0000] "GET /.env HTTP/1.1" 404 196"
185.143.223.1 - - [14/Apr/2026:12:37:51 +0000] "POST /wp-login.php HTTP/1.1" 200 3456"
10.0.0.42 - - [14/Apr/2026:12:37:53 +0000] "GET /admin/config.php.bak HTTP/1.1" 403 234"
172.16.0.99 - - [14/Apr/2026:12:37:56 +0000] "GET /products.php?id=1' OR '1'='1 HTTP/1.1" 200 452"
192.168.1.105 - - [14/Apr/2026:12:37:58 +0000] "GET /logo.png HTTP/1.1" 200 2048"
185.143.223.1 - - [14/Apr/2026:12:37:59 +0000] "POST /search HTTP/1.1" 200 345"
192.168.1.105 - - [14/Apr/2026:12:38:02 +0000] "GET /index.html HTTP/1.1" 200 512"
172.16.0.99 - - [14/Apr/2026:12:38:05 +0000] "GET /index.html HTTP/1.1" 200 512"
172.16.0.99 - - [14/Apr/2026:12:38:07 +0000] "POST /search HTTP/1.1" 200 345"
192.168.1.105 - - [14/Apr/2026:12:38:09 +0000] "GET /index.html HTTP/1.1" 200 512"
10.0.0.42 - - [14/Apr/2026:12:38:11 +0000] "GET /logo.png HTTP/1.1" 200 2048"
192.168.1.105 - - [14/Apr/2026:12:38:13 +0000] "POST /search HTTP/1.1" 200 345"
192.168.1.105 - - [14/Apr/2026:12:38:16 +0000] "GET /style.css HTTP/1.1" 200 1024"
172.16.0.99 - - [14/Apr/2026:12:38:18 +0000] "GET /products.php?id=1' OR '1'='1 HTTP/1.1" 200 452"
10.0.0.42 - - [14/Apr/2026:12:38:20 +0000] "GET /products.php?id=1' OR '1'='1 HTTP/1.1" 200 452"
192.168.1.105 - - [14/Apr/2026:12:38:22 +0000] "GET /admin/config.php.bak HTTP/1.1" 403 234"
10.0.0.42 - - [14/Apr/2026:12:38:25 +0000] "GET /style.css HTTP/1.1" 200 1024"
172.16.0.99 - - [14/Apr/2026:12:38:26 +0000] "Failed password for invalid user admin from 172.16.0.99 port 45678 ssh2"
172.16.0.99 - - [14/Apr/2026:12:38:29 +0000] "GET /admin/config.php.bak HTTP/1.1" 403 234"
185.143.223.1 - - [14/Apr/2026:12:38:30 +0000] "Failed password for invalid user admin from 185.143.223.1 port 45678 ssh2"
10.0.0.42 - - [14/Apr/2026:12:38:32 +0000] "POST /search HTTP/1.1" 200 345"
192.168.1.105 - - [14/Apr/2026:12:38:34 +0000] "GET /.env HTTP/1.1" 404 196"
192.168.1.105 - - [14/Apr/2026:12:38:37 +0000] "GET /products.php?id=1' OR '1'='1 HTTP/1.1" 200 452"
10.0.0.42 - - [14/Apr/2026:12:38:39 +0000] "Failed password for invalid user admin from 10.0.0.42 port 45678 ssh2"
192.168.1.105 - - [14/Apr/2026:12:38:40 +0000] "POST /search HTTP/1.1" 200 345"
10.0.0.42 - - [14/Apr/2026:12:38:43 +0000] "Failed password for invalid user admin from 10.0.0.42 port 45678 ssh2"
185.143.223.1 - - [14/Apr/2026:12:38:44 +0000] "POST /search HTTP/1.1" 200 345"
192.168.1.105 - - [14/Apr/2026:12:38:47 +0000] "POST /search HTTP/1.1" 200 345"
172.16.0.99 - - [14/Apr/2026:12:38:49 +0000] "GET /admin/config.php.bak HTTP/1.1" 403 234"
172.16.0.99 - - [14/Apr/2026:12:38:51 +0000] "POST /wp-login.php HTTP/1.1" 200 3456"
185.143.223.1 - - [14/Apr/2026:12:38:53 +0000] "Failed password for root from 185.143.223.1 port 22 ssh2"
10.0.0.42 - - [14/Apr/2026:12:38:55 +0000] "POST /search HTTP/1.1" 200 345"
185.143.223.1 - - [14/Apr/2026:12:38:57 +0000] "Failed password for invalid user admin from 185.143.223.1 port 45678 ssh2"
172.16.0.99 - - [14/Apr/2026:12:38:59 +0000] "GET /.env HTTP/1.1" 404 196"
10.0.0.42 - - [14/Apr/2026:12:39:00 +0000] "GET /logo.png HTTP/1.1" 200 2048"
172.16.0.99 - - [14/Apr/2026:12:39:02 +0000] "GET /style.css HTTP/1.1" 200 1024"
10.0.0.42 - - [14/Apr/2026:12:39:03 +0000] "GET /products.php?id=1' OR '1'='1 HTTP/1.1" 200 452"
185.143.223.1 - - [14/Apr/2026:12:39:05 +0000] "GET /admin/config.php.bak HTTP/1.1" 403 234"
185.143.223.1 - - [14/Apr/2026:12:39:07 +0000] "GET /index.html HTTP/1.1" 200 512"
10.0.0.42 - - [14/Apr/2026:12:39:09 +0000] "GET /admin/config.php.bak HTTP/1.1" 403 234"
172.16.0.99 - - [14/Apr/2026:12:39:11 +0000] "POST /search HTTP/1.1" 200 345"
172.16.0.99 - - [14/Apr/2026:12:39:13 +0000] "POST /search HTTP/1.1" 200 345"
10.0.0.42 - - [14/Apr/2026:12:39:14 +0000] "GET /style.css HTTP/1.1" 200 1024"
192.168.1.105 - - [14/Apr/2026:12:39:17 +0000] "POST /wp-login.php HTTP/1.1" 200 3456"
10.0.0.42 - - [14/Apr/2026:12:39:20 +0000] "GET /style.css HTTP/1.1" 200 1024"
185.143.223.1 - - [14/Apr/2026:12:39:21 +0000] "GET /logo.png HTTP/1.1" 200 2048"
192.168.1.105 - - [14/Apr/2026:12:39:24 +0000] "POST /search HTTP/1.1" 200 345"
10.0.0.42 - - [14/Apr/2026:12:39:25 +0000] "GET /logo.png HTTP/1.1" 200 2048"
10.0.0.42 - - [14/Apr/2026:12:39:27 +0000] "POST /wp-login.php HTTP/1.1" 200 3456"
192.168.1.105 - - [14/Apr/2026:12:39:30 +0000] "POST /search HTTP/1.1" 200 345"
172.16.0.99 - - [14/Apr/2026:12:39:31 +0000] "POST /wp-login.php HTTP/1.1" 200 3456"
10.0.0.42 - - [14/Apr/2026:12:39:34 +0000] "GET /index.html HTTP/1.1" 200 512"
192.168.1.105 - - [14/Apr/2026:12:39:35 +0000] "Failed password for root from 192.168.1.105 port 22 ssh2"
185.143.223.1 - - [14/Apr/2026:12:39:37 +0000] "GET /products.php?id=1' OR '1'='1 HTTP/1.1" 200 452"
10.0.0.42 - - [14/Apr/2026:12:39:40 +0000] "Failed password for root from 10.0.0.42 port 22 ssh2"
192.168.1.105 - - [14/Apr/2026:12:39:42 +0000] "GET /index.html HTTP/1.1" 200 512"
185.143.223.1 - - [14/Apr/2026:12:39:44 +0000] "POST /search HTTP/1.1" 200 345"
192.168.1.105 - - [14/Apr/2026:12:39:47 +0000] "POST /search HTTP/1.1" 200 345"
10.0.0.42 - - [14/Apr/2026:12:39:49 +0000] "GET /index.html HTTP/1.1" 200 512"
172.16.0.99 - - [14/Apr/2026:12:39:52 +0000] "GET /style.css HTTP/1.1" 200 1024"
192.168.1.105 - - [14/Apr/2026:12:39:53 +0000] "GET /admin/config.php.bak HTTP/1.1" 403 234"
10.0.0.42 - - [14/Apr/2026:12:39:56 +0000] "Failed password for invalid user admin from 10.0.0.42 port 45678 ssh2"
185.143.223.1 - - [14/Apr/2026:12:39:57 +0000] "GET /index.html HTTP/1.1" 200 512"
185.143.223.1 - - [14/Apr/2026:12:39:58 +0000] "GET /products.php?id=1' OR '1'='1 HTTP/1.1" 200 452"
172.16.0.99 - - [14/Apr/2026:12:40:00 +0000] "POST /wp-login.php HTTP/1.1" 200 3456"
172.16.0.99 - - [14/Apr/2026:12:40:02 +0000] "GET /style.css HTTP/1.1" 200 1024"
192.168.1.105 - - [14/Apr/2026:12:40:04 +0000] "GET /style.css HTTP/1.1" 200 1024"
192.168.1.105 - - [14/Apr/2026:12:40:05 +0000] "Failed password for root from 192.168.1.105 port 22 ssh2"
10.0.0.42 - - [14/Apr/2026:12:40:06 +0000] "GET /logo.png HTTP/1.1" 200 2048"
172.16.0.99 - - [14/Apr/2026:12:40:08 +0000] "GET /logo.png HTTP/1.1" 200 2048"
192.168.1.105 - - [14/Apr/2026:12:40:09 +0000] "POST /search HTTP/1.1" 200 345"
192.168.1.105 - - [14/Apr/2026:12:40:10 +0000] "POST /search HTTP/1.1" 200 345"
185.143.223.1 - - [14/Apr/2026:12:40:13 +0000] "GET /style.css HTTP/1.1" 200 1024"
185.143.223.1 - - [14/Apr/2026:12:40:16 +0000] "POST /search HTTP/1.1" 200 345"
185.143.223.1 - - [14/Apr/2026:12:40:18 +0000] "POST /search HTTP/1.1" 200 345"
185.143.223.1 - - [14/Apr/2026:12:40:20 +0000] "GET /index.html HTTP/1.1" 200 512"
172.16.0.99 - - [14/Apr/2026:12:40:23 +0000] "GET /style.css HTTP/1.1" 200 1024"
10.0.0.42 - - [14/Apr/2026:12:40:25 +0000] "GET /index.html HTTP/1.1" 200 512"
192.168.1.105 - - [14/Apr/2026:12:40:27 +0000] "GET /index.html HTTP/1.1" 200 512"
172.16.0.99 - - [14/Apr/2026:12:40:28 +0000] "GET /style.css HTTP/1.1" 200 1024"
10.0.0.42 - - [14/Apr/2026:12:40:31 +0000] "GET /logo.png HTTP/1.1" 200 2048"
185.143.223.1 - - [14/Apr/2026:12:40:34 +0000] "GET /index.html HTTP/1.1" 200 512"
172.16.0.99 - - [14/Apr/2026:12:40:36 +0000] "GET /.env HTTP/1.1" 404 196"
10.0.0.42 - - [14/Apr/2026:12:40:38 +0000] "GET /style.css HTTP/1.1" 200 1024"
10.0.0.42 - - [14/Apr/2026:12:40:41 +0000] "GET /index.html HTTP/1.1" 200 512"
10.0.0.42 - - [14/Apr/2026:12:40:44 +0000] "POST /search HTTP/1.1" 200 345"
172.16.0.99 - - [14/Apr/2026:12:40:46 +0000] "POST /search HTTP/1.1" 200 345"
192.168.1.105 - - [14/Apr/2026:12:40:48 +0000] "GET /style.css HTTP/1.1" 200 1024"
172.16.0.99 - - [14/Apr/2026:12:40:50 +0000] "Failed password for root from 172.16.0.99 port 22 ssh2"
192.168.1.105 - - [14/Apr/2026:12:40:53 +0000] "GET /style.css HTTP/1.1" 200 1024"
10.0.0.42 - - [14/Apr/2026:12:40:55 +0000] "GET /admin/config.php.bak HTTP/1.1" 403 234"
185.143.223.1 - - [14/Apr/2026:12:40:56 +0000] "GET /.env HTTP/1.1" 404 196"
192.168.1.105 - - [14/Apr/2026:12:40:57 +0000] "Failed password for invalid user admin from 192.168.1.105 port 45678 ssh2"
10.0.0.42 - - [14/Apr/2026:12:41:00 +0000] "GET /index.html HTTP/1.1" 200 512"
192.168.1.105 - - [14/Apr/2026:12:41:02 +0000] "GET /.env HTTP/1.1" 404 196"
10.0.0.42 - - [14/Apr/2026:12:41:05 +0000] "GET /logo.png HTTP/1.1" 200 2048"
192.168.1.105 - - [14/Apr/2026:12:41:08 +0000] "POST /wp-login.php HTTP/1.1" 200 3456"
172.16.0.99 - - [14/Apr/2026:12:41:10 +0000] "GET /?page=../../../../etc/passwd HTTP/1.1" 200 1024"
10.0.0.42 - - [14/Apr/2026:12:41:11 +0000] "POST /search HTTP/1.1" 200 345"
172.16.0.99 - - [14/Apr/2026:12:41:14 +0000] "GET /logo.png HTTP/1.1" 200 2048"
10.0.0.42 - - [14/Apr/2026:12:41:17 +0000] "GET /products.php?id=1' OR '1'='1 HTTP/1.1" 200 452"
172.16.0.99 - - [14/Apr/2026:12:41:19 +0000] "POST /wp-login.php HTTP/1.1" 200 3456"
10.0.0.42 - - [14/Apr/2026:12:41:21 +0000] "GET /logo.png HTTP/1.1" 200 2048"
192.168.1.105 - - [14/Apr/2026:12:41:23 +0000] "POST /search HTTP/1.1" 200 345"
185.143.223.1 - - [14/Apr/2026:12:41:24 +0000] "GET /index.html HTTP/1.1" 200 512"
185.143.223.1 - - [14/Apr/2026:12:41:25 +0000] "GET /?page=../../../../etc/passwd HTTP/1.1" 200 1024"
10.0.0.42 - - [14/Apr/2026:12:41:27 +0000] "Failed password for invalid user admin from 10.0.0.42 port 45678 ssh2"
172.16.0.99 - - [14/Apr/2026:12:41:30 +0000] "POST /wp-login.php HTTP/1.1" 200 3456"
172.16.0.99 - - [14/Apr/2026:12:41:31 +0000] "GET /logo.png HTTP/1.1" 200 2048"
10.0.0.42 - - [14/Apr/2026:12:41:34 +0000] "GET /logo.png HTTP/1.1" 200 2048"
172.16.0.99 - - [14/Apr/2026:12:41:35 +0000] "POST /wp-login.php HTTP/1.1" 200 3456"
172.16.0.99 - - [14/Apr/2026:12:41:37 +0000] "GET /logo.png HTTP/1.1" 200 2048"
185.143.223.1 - - [14/Apr/2026:12:41:39 +0000] "GET /products.php?id=1' OR '1'='1 HTTP/1.1" 200 452"
10.0.0.42 - - [14/Apr/2026:12:41:40 +0000] "GET /?page=../../../../etc/passwd HTTP/1.1" 200 1024"
192.168.1.105 - - [14/Apr/2026:12:41:43 +0000] "GET /index.html HTTP/1.1" 200 512"
185.143.223.1 - - [14/Apr/2026:12:41:44 +0000] "POST /search HTTP/1.1" 200 345"
172.16.0.99 - - [14/Apr/2026:12:41:47 +0000] "GET /index.html HTTP/1.1" 200 512"
10.0.0.42 - - [14/Apr/2026:12:41:49 +0000] "GET /index.html HTTP/1.1" 200 512"
172.16.0.99 - - [14/Apr/2026:12:41:50 +0000] "GET /admin/config.php.bak HTTP/1.1" 403 234"
192.168.1.105 - - [14/Apr/2026:12:41:52 +0000] "GET /index.html HTTP/1.1" 200 512"
10.0.0.42 - - [14/Apr/2026:12:41:54 +0000] "POST /search HTTP/1.1" 200 345"
172.16.0.99 - - [14/Apr/2026:12:41:56 +0000] "GET /index.html HTTP/1.1" 200 512"
192.168.1.105 - - [14/Apr/2026:12:41:58 +0000] "GET /index.html HTTP/1.1" 200 512"
185.143.223.1 - - [14/Apr/2026:12:42:01 +0000] "GET /index.html HTTP/1.1" 200 512"
192.168.1.105 - - [14/Apr/2026:12:42:02 +0000] "GET /admin/config.php.bak HTTP/1.1" 403 234"
185.143.223.1 - - [14/Apr/2026:12:42:04 +0000] "GET /style.css HTTP/1.1" 200 1024"
192.168.1.105 - - [14/Apr/2026:12:42:07 +0000] "GET /admin/config.php.bak HTTP/1.1" 403 234"
185.143.223.1 - - [14/Apr/2026:12:42:09 +0000] "GET /logo.png HTTP/1.1" 200 2048"
192.168.1.105 - - [14/Apr/2026:12:42:11 +0000] "GET /index.html HTTP/1.1" 200 512"
10.0.0.42 - - [14/Apr/2026:12:42:14 +0000] "GET /products.php?id=1' OR '1'='1 HTTP/1.1" 200 452"
192.168.1.105 - - [14/Apr/2026:12:42:16 +0000] "GET /?page=../../../../etc/passwd HTTP/1.1" 200 1024"
10.0.0.42 - - [14/Apr/2026:12:42:19 +0000] "POST /search HTTP/1.1" 200 345"
172.16.0.99 - - [14/Apr/2026:12:42:21 +0000] "GET /admin/config.php.bak HTTP/1.1" 403 234"
10.0.0.42 - - [14/Apr/2026:12:42:22 +0000] "Failed password for root from 10.0.0.42 port 22 ssh2"
10.0.0.42 - - [14/Apr/2026:12:42:25 +0000] "GET /logo.png HTTP/1.1" 200 2048"
192.168.1.105 - - [14/Apr/2026:12:42:27 +0000] "GET /index.html HTTP/1.1" 200 512"
172.16.0.99 - - [14/Apr/2026:12:42:28 +0000] "GET /admin/config.php.bak HTTP/1.1" 403 234"
192.168.1.105 - - [14/Apr/2026:12:42:30 +0000] "POST /wp-login.php HTTP/1.1" 200 3456"
192.168.1.105 - - [14/Apr/2026:12:42:31 +0000] "POST /search HTTP/1.1" 200 345"
10.0.0.42 - - [14/Apr/2026:12:42:34 +0000] "GET /style.css HTTP/1.1" 200 1024"
172.16.0.99 - - [14/Apr/2026:12:42:36 +0000] "GET /admin/config.php.bak HTTP/1.1" 403 234"
10.0.0.42 - - [14/Apr/2026:12:42:39 +0000] "GET /?page=../../../../etc/passwd HTTP/1.1" 200 1024"
10.0.0.42 - - [14/Apr/2026:12:42:41 +0000] "GET /logo.png HTTP/1.1" 200 2048"
192.168.1.105 - - [14/Apr/2026:12:42:42 +0000] "GET /logo.png HTTP/1.1" 200 2048"
185.143.223.1 - - [14/Apr/2026:12:42:45 +0000] "GET /admin/config.php.bak HTTP/1.1" 403 234"
10.0.0.42 - - [14/Apr/2026:12:42:47 +0000] "GET /admin/config.php.bak HTTP/1.1" 403 234"
185.143.223.1 - - [14/Apr/2026:12:42:49 +0000] "POST /search HTTP/1.1" 200 345"
172.16.0.99 - - [14/Apr/2026:12:42:52 +0000] "GET /logo.png HTTP/1.1" 200 2048"
192.168.1.105 - - [14/Apr/2026:12:42:53 +0000] "GET /index.html HTTP/1.1" 200 512"
185.143.223.1 - - [14/Apr/2026:12:42:56 +0000] "GET /index.html HTTP/1.1" 200 512"
172.16.0.99 - - [14/Apr/2026:12:42:58 +0000] "POST /search HTTP/1.1" 200 345"
10.0.0.42 - - [14/Apr/2026:12:43:01 +0000] "GET /.env HTTP/1.1" 404 196"
192.168.1.105 - - [14/Apr/2026:12:43:02 +0000] "GET /logo.png HTTP/1.1" 200 2048"
10.0.0.42 - - [14/Apr/2026:12:43:04 +0000] "GET /?page=../../../../etc/passwd HTTP/1.1" 200 1024"
185.143.223.1 - - [14/Apr/2026:12:43:07 +0000] "GET /logo.png HTTP/1.1" 200 2048"
10.0.0.42 - - [14/Apr/2026:12:43:10 +0000] "GET /logo.png HTTP/1.1" 200 2048"
10.0.0.42 - - [14/Apr/2026:12:43:12 +0000] "Failed password for invalid user admin from 10.0.0.42 port 45678 ssh2"
172.16.0.99 - - [14/Apr/2026:12:43:15 +0000] "GET /logo.png HTTP/1.1" 200 2048"
172.16.0.99 - - [14/Apr/2026:12:43:17 +0000] "GET /index.html HTTP/1.1" 200 512"
172.16.0.99 - - [14/Apr/2026:12:43:19 +0000] "GET /index.html HTTP/1.1" 200 512"
10.0.0.42 - - [14/Apr/2026:12:43:22 +0000] "GET /products.php?id=1' OR '1'='1 HTTP/1.1" 200 452"
185.143.223.1 - - [14/Apr/2026:12:43:25 +0000] "GET /style.css HTTP/1.1" 200 1024"
172.16.0.99 - - [14/Apr/2026:12:43:27 +0000] "GET /logo.png HTTP/1.1" 200 2048"
192.168.1.105 - - [14/Apr/2026:12:43:29 +0000] "POST /search HTTP/1.1" 200 345"
